// Jest Snapshot v1, https://goo.gl/fbAQLP

exports[`TopTodo Tests matches snapshot 1`] = `
<div>
  <div
    class="Todo"
  >
    <div>
      <b>
        Top-Title
      </b>
       
      <small>
        (priority: 
        1
        )
      </small>
    </div>
    <div>
      <small>
        Top-Description
      </small>
    </div>
  </div>
</div>
`;
